
Memory Configuration

Name             Origin             Length             Attributes
*default*        0x0000000000000000 0xffffffffffffffff

Linker script and memory map

TARGET(elf32-littlearm)
                0x0000000000008080                . = ((0x8000 + SIZEOF_HEADERS) + 0xc)

.text           0x0000000000008080      0xc08
 *(.text)
 .text          0x0000000000008080      0x474 tmp/arm.v5a-linux.elf-fold.o
                0x0000000000008088                get_page_mask
                0x00000000000083d0                munmap
                0x0000000000008478                get_sys_munmap
                0x0000000000008394                getpid
                0x00000000000083bc                readlink
                0x0000000000008498                __udivsi3
                0x0000000000008408                mmap
                0x0000000000008454                __clear_cache
                0x0000000000008480                mmap_privanon
                0x0000000000008344                write
                0x0000000000008330                read
                0x0000000000008380                unlink
                0x0000000000008318                my_bkpt
                0x00000000000083e4                Pprotect
                0x0000000000008320                exit
                0x00000000000083a8                brk
                0x0000000000008358                open
                0x0000000000008498                div10
                0x00000000000083e4                mprotect
                0x000000000000836c                close
 .text          0x00000000000084f4      0x794 tmp/armel-linux.elf-main.o
                0x0000000000008b54                upx_main
 *(.data)
 .data          0x0000000000008c88        0x0 tmp/arm.v5a-linux.elf-fold.o
 .data          0x0000000000008c88        0x0 tmp/armel-linux.elf-main.o

.data

.bss            0x0000000000008c88        0x0
 .bss           0x0000000000008c88        0x0 tmp/arm.v5a-linux.elf-fold.o
 .bss           0x0000000000008c88        0x0 tmp/armel-linux.elf-main.o
LOAD tmp/arm.v5a-linux.elf-fold.o
LOAD tmp/armel-linux.elf-main.o
OUTPUT(tmp/arm.v5a-linux.elf-fold.bin elf32-littlearm)
