
Memory Configuration

Name             Origin             Length             Attributes
*default*        0x0000000000000000 0xffffffffffffffff

Linker script and memory map

                0x0000000000008040                . = ((0x8000 + SIZEOF_HEADERS) + 0xc)

.text           0x0000000000008040      0xb60
 *(.text)
 .text          0x0000000000008040      0x3c0 tmp/arm.v4a-linux.elf-fold.o
                0x0000000000008048                get_page_mask
                0x00000000000082d8                my_bkpt
                0x00000000000082e0                exit
                0x00000000000082e4                read
                0x00000000000082ec                write
                0x00000000000082f4                open
                0x00000000000082fc                close
                0x0000000000008304                unlink
                0x000000000000830c                getpid
                0x0000000000008314                brk
                0x000000000000831c                readlink
                0x0000000000008324                munmap
                0x000000000000832c                Pprotect
                0x000000000000832c                mprotect
                0x0000000000008344                mmap
                0x0000000000008378                __clear_cache
                0x0000000000008384                get_sys_munmap
                0x000000000000838c                mmap_privanon
                0x00000000000083a4                __udivsi3
                0x00000000000083a4                div10
 .text          0x0000000000008400      0x7a0 tmp/arm.v4a-linux.elf-main.o
                0x0000000000008a6c                upx_main
 *(.data)
 .data          0x0000000000008ba0        0x0 tmp/arm.v4a-linux.elf-fold.o
 .data          0x0000000000008ba0        0x0 tmp/arm.v4a-linux.elf-main.o

.data
LOAD tmp/arm.v4a-linux.elf-fold.o
LOAD tmp/arm.v4a-linux.elf-main.o
OUTPUT(tmp/arm.v4a-linux.elf-fold.bin elf32-littlearm)

.bss            0x0000000000000000        0x0
 .bss           0x0000000000000000        0x0 tmp/arm.v4a-linux.elf-fold.o
 .bss           0x0000000000000000        0x0 tmp/arm.v4a-linux.elf-main.o
