
Memory Configuration

Name             Origin             Length             Attributes
*default*        0x0000000000000000 0xffffffffffffffff

Linker script and memory map


.text           0x0000000000000000     0x104c
 .text          0x0000000000000000      0x344 tmp/armeb.v4a-linux.elf-fold.o
                0x0000000000000004                get_page_mask
                0x00000000000002e4                memcpy
                0x0000000000000328                mempcpy
                0x0000000000000060                mmap
                0x0000000000000048                mmap_privanon
                0x000000000000000c                get_upxfn_path
                0x0000000000000308                memset
                0x0000000000000024                Pprotect
                0x00000000fffffff4                PAGE_MASK
                0x0000000000000024                mprotect
 .text          0x0000000000000344      0x458 tmp/armeb.v4a-linux.elf-upxfd_android.o
                0x000000000000057c                upx_mmap_and_fd
 .text          0x000000000000079c        0x0 tmp/armeb.v4a-expand.o
 .text          0x000000000000079c      0x8b0 tmp/armeb.v4a-linux.elf-main2.o
                0x0000000000000fe8                underlay
                0x0000000000000eb4                upx_main

SYSCALLS        0x0000000000000000      0x214
 SYSCALLS       0x0000000000000000      0x214 tmp/armeb.v4a-linux.elf-fold.o
                0x00000000000000ec                munmap
                0x0000000000000000                get_sys_munmap
                0x0000000000000090                getpid
                0x0000000000000128                readlink
                0x00000000000001b8                __udivsi3
                0x000000000000007c                ftruncate
                0x00000000000000a4                lseek
                0x000000000000018c                __clear_cache
                0x0000000000000150                uname
                0x0000000000000178                write
                0x0000000000000068                fstat
                0x0000000000000040                fdatasync
                0x00000000000000b8                memfd_create
                0x0000000000000114                read
                0x0000000000000164                unlink
                0x00000000000001b0                my_bkpt
                0x0000000000000054                fsync
                0x000000000000013c                stat
                0x0000000000000030                exit
                0x0000000000000008                brk
                0x0000000000000100                open
                0x00000000000001b8                div10
                0x00000000000000d8                mkdir
                0x000000000000001c                close

EXP_HEAD        0x0000000000000000       0xe0
 EXP_HEAD       0x0000000000000000       0xe0 tmp/armeb.v4a-expand.o
                0x0000000000000074                f_expand

EXP_TAIL        0x0000000000000000       0x24
 EXP_TAIL       0x0000000000000000       0x24 tmp/armeb.v4a-expand.o
                0x0000000000000000                eof

NRV2E           0x0000000000000000      0x11c
 NRV2E          0x0000000000000000      0x11c tmp/armeb.v4a-expand.o
                0x0000000000000008                ucl_nrv2e_decompress_8

NRV2D           0x0000000000000000      0x108
 NRV2D          0x0000000000000000      0x108 tmp/armeb.v4a-expand.o
                0x0000000000000008                ucl_nrv2d_decompress_8

NRV2B           0x0000000000000000       0xcc
 NRV2B          0x0000000000000000       0xcc tmp/armeb.v4a-expand.o
                0x0000000000000008                ucl_nrv2b_decompress_8

LZMA_DAISY      0x0000000000000000        0x8
 LZMA_DAISY     0x0000000000000000        0x8 tmp/armeb.v4a-expand.o

.data           0x0000000000000000        0x0
 .data          0x0000000000000000        0x0 tmp/armeb.v4a-linux.elf-fold.o
 .data          0x0000000000000000        0x0 tmp/armeb.v4a-linux.elf-upxfd_android.o
 .data          0x0000000000000000        0x0 tmp/armeb.v4a-expand.o
 .data          0x0000000000000000        0x0 tmp/armeb.v4a-linux.elf-main2.o

.bss            0x0000000000000000        0x0
 .bss           0x0000000000000000        0x0 tmp/armeb.v4a-linux.elf-fold.o
 .bss           0x0000000000000000        0x0 tmp/armeb.v4a-linux.elf-upxfd_android.o
 .bss           0x0000000000000000        0x0 tmp/armeb.v4a-expand.o
 .bss           0x0000000000000000        0x0 tmp/armeb.v4a-linux.elf-main2.o
TARGET(elf32-bigarm)
                0x0000000000100040                . = ((0x100000 + SIZEOF_HEADERS) + 0xc)
LOAD tmp/armeb.v4a-linux.elf-fold.o
LOAD tmp/armeb.v4a-linux.elf-upxfd_android.o
LOAD tmp/armeb.v4a-expand.o
LOAD tmp/armeb.v4a-linux.elf-main2.o
OUTPUT(tmp/armeb.v4a-linux.elf-fold.bin elf32-bigarm)

LZMA_ELF00      0x0000000000000000       0x80
 LZMA_ELF00     0x0000000000000000       0x80 tmp/armeb.v4a-expand.o

LZMA_DEC20      0x0000000000000000      0x938
 LZMA_DEC20     0x0000000000000000      0x938 tmp/armeb.v4a-expand.o

LZMA_DEC10      0x0000000000000000      0x478
 LZMA_DEC10     0x0000000000000000      0x478 tmp/armeb.v4a-expand.o
                0x0000000000000000                LzmaDecode

LZMA_DEC30      0x0000000000000000        0x0
 LZMA_DEC30     0x0000000000000000        0x0 tmp/armeb.v4a-expand.o
