
Memory Configuration

Name             Origin             Length             Attributes
*default*        0x0000000000000000 0xffffffffffffffff

Linker script and memory map

TARGET(elf32-bigarm)
                0x0000000000008080                . = ((0x8000 + SIZEOF_HEADERS) + 0xc)

.text           0x0000000000008080      0xb60
 *(.text)
 .text          0x0000000000008080      0x3c0 tmp/armeb.v4a-linux.elf-fold.o
                0x0000000000008088                get_page_mask
                0x0000000000008364                munmap
                0x00000000000083c4                get_sys_munmap
                0x000000000000834c                getpid
                0x000000000000835c                readlink
                0x00000000000083e4                __udivsi3
                0x0000000000008384                mmap
                0x00000000000083b8                __clear_cache
                0x00000000000083cc                mmap_privanon
                0x000000000000832c                write
                0x0000000000008324                read
                0x0000000000008344                unlink
                0x0000000000008318                my_bkpt
                0x000000000000836c                Pprotect
                0x0000000000008320                exit
                0x0000000000008354                brk
                0x0000000000008334                open
                0x00000000000083e4                div10
                0x000000000000836c                mprotect
                0x000000000000833c                close
 .text          0x0000000000008440      0x7a0 tmp/armeb.v4a-linux.elf-main.o
                0x0000000000008aac                upx_main
 *(.data)
 .data          0x0000000000008be0        0x0 tmp/armeb.v4a-linux.elf-fold.o
 .data          0x0000000000008be0        0x0 tmp/armeb.v4a-linux.elf-main.o

.data

.bss            0x0000000000008be0        0x0
 .bss           0x0000000000008be0        0x0 tmp/armeb.v4a-linux.elf-fold.o
 .bss           0x0000000000008be0        0x0 tmp/armeb.v4a-linux.elf-main.o
LOAD tmp/armeb.v4a-linux.elf-fold.o
LOAD tmp/armeb.v4a-linux.elf-main.o
OUTPUT(tmp/armeb.v4a-linux.elf-fold.bin elf32-bigarm)
