
Memory Configuration

Name             Origin             Length             Attributes
*default*        0x0000000000000000 0xffffffffffffffff

Linker script and memory map


.text           0x0000000000000000      0xdf6
 .text          0x0000000000000000      0x190 tmp/i386-linux.elf-fold.o
                0x0000000000000008                get_page_mask
                0x0000000000000015                get_upxfn_path
 .text          0x0000000000000190      0x46f tmp/i386-linux.elf-upxfd_android.o
                0x00000000000003a7                upx_mmap_and_fd
 *fill*         0x00000000000005ff        0x1 00
 .text          0x0000000000000600        0x0 tmp/i386-expand.o
 .text          0x0000000000000600      0x7f6 tmp/i386-linux.elf-main2.o
                0x0000000000000755                underlay
                0x0000000000000ca2                upx_main

.data           0x0000000000000000        0x0
 .data          0x0000000000000000        0x0 tmp/i386-linux.elf-fold.o
 .data          0x0000000000000000        0x0 tmp/i386-linux.elf-upxfd_android.o
 .data          0x0000000000000000        0x0 tmp/i386-expand.o
 .data          0x0000000000000000        0x0 tmp/i386-linux.elf-main2.o

.bss            0x0000000000000000        0x0
 .bss           0x0000000000000000        0x0 tmp/i386-linux.elf-fold.o
 .bss           0x0000000000000000        0x0 tmp/i386-linux.elf-upxfd_android.o
 .bss           0x0000000000000000        0x0 tmp/i386-expand.o
 .bss           0x0000000000000000        0x0 tmp/i386-linux.elf-main2.o
TARGET(elf32-i386)
                0x0000000000100040                . = ((0x100000 + SIZEOF_HEADERS) + 0xc)
LOAD tmp/i386-linux.elf-fold.o
LOAD tmp/i386-linux.elf-upxfd_android.o
LOAD tmp/i386-expand.o
LOAD tmp/i386-linux.elf-main2.o
OUTPUT(tmp/i386-linux.elf-fold.bin elf32-i386)

SYSCALLS        0x0000000000000000       0xc0
 SYSCALLS       0x0000000000000000       0xc0 tmp/i386-linux.elf-fold.o
                0x0000000000000090                memcpy
                0x00000000000000a6                mempcpy
                0x000000000000002b                mmap
                0x000000000000005b                uname
                0x000000000000007c                memset
                0x00000000000000bc                my_bkpt
                0x0000000000000000                Pprotect
                0x0000000000000049                stat
                0x000000000000006a                mkdir

.note.GNU-stack
                0x0000000000000000        0x0
 .note.GNU-stack
                0x0000000000000000        0x0 tmp/i386-linux.elf-upxfd_android.o

EXP_HEAD        0x0000000000000000      0x115
 EXP_HEAD       0x0000000000000000      0x115 tmp/i386-expand.o
                0x0000000000000071                f_expand
                0x00000000000000a1                __clear_cache

EXP_TAIL        0x0000000000000000        0xd
 EXP_TAIL       0x0000000000000000        0xd tmp/i386-expand.o

NRV2E           0x0000000000000000       0xd4
 NRV2E          0x0000000000000000       0xd4 tmp/i386-expand.o

NRV2D           0x0000000000000000       0xc8
 NRV2D          0x0000000000000000       0xc8 tmp/i386-expand.o

NRV2B           0x0000000000000000       0xb4
 NRV2B          0x0000000000000000       0xb4 tmp/i386-expand.o

LZMA_DAISY      0x0000000000000000        0xc
 LZMA_DAISY     0x0000000000000000        0xc tmp/i386-expand.o

LZMA_DEC00      0x0000000000000000       0x36
 LZMA_DEC00     0x0000000000000000       0x36 tmp/i386-expand.o

LZMA_ELF00      0x0000000000000000       0x48
 LZMA_ELF00     0x0000000000000000       0x48 tmp/i386-expand.o

LZMA_DEC10      0x0000000000000000      0xb3e
 LZMA_DEC10     0x0000000000000000      0xb3e tmp/i386-expand.o

LZMA_DEC20      0x0000000000000000      0xb3e
 LZMA_DEC20     0x0000000000000000      0xb3e tmp/i386-expand.o

LZMA_DEC30      0x0000000000000000       0x20
 LZMA_DEC30     0x0000000000000000       0x20 tmp/i386-expand.o
