
Memory Configuration

Name             Origin             Length             Attributes
*default*        0x0000000000000000 0xffffffffffffffff

Linker script and memory map


.text           0x0000000000000000      0xd6c
 .text          0x0000000000000000      0x18b tmp/i386-linux.elf-fold.o
                0x000000000000000c                get_page_mask
                0x0000000000000019                get_upxfn_path
 *fill*         0x000000000000018b        0x1 00
 .text          0x000000000000018c      0x41f tmp/i386-linux.elf-upxfd_android.o
                0x0000000000000393                upx_mmap_and_fd
 *fill*         0x00000000000005ab        0x1 00
 .text          0x00000000000005ac        0x0 tmp/i386-expand.o
 .text          0x00000000000005ac      0x7c0 tmp/i386-linux.elf-main2.o
                0x0000000000000701                underlay
                0x0000000000000c18                upx_main

.data           0x0000000000000000        0x0
 .data          0x0000000000000000        0x0 tmp/i386-linux.elf-fold.o
 .data          0x0000000000000000        0x0 tmp/i386-linux.elf-upxfd_android.o
 .data          0x0000000000000000        0x0 tmp/i386-expand.o
 .data          0x0000000000000000        0x0 tmp/i386-linux.elf-main2.o

.bss            0x0000000000000000        0x0
 .bss           0x0000000000000000        0x0 tmp/i386-linux.elf-fold.o
 .bss           0x0000000000000000        0x0 tmp/i386-linux.elf-upxfd_android.o
 .bss           0x0000000000000000        0x0 tmp/i386-expand.o
 .bss           0x0000000000000000        0x0 tmp/i386-linux.elf-main2.o
TARGET(elf32-i386)
                0x0000000000100040                . = ((0x100000 + SIZEOF_HEADERS) + 0xc)
LOAD tmp/i386-linux.elf-fold.o
LOAD tmp/i386-linux.elf-upxfd_android.o
LOAD tmp/i386-expand.o
LOAD tmp/i386-linux.elf-main2.o
OUTPUT(tmp/i386-linux.elf-fold.bin elf32-i386)

SYSCALLS        0x0000000000000000       0xc0
 SYSCALLS       0x0000000000000000       0xc0 tmp/i386-linux.elf-fold.o
                0x000000000000008f                memcpy
                0x00000000000000a5                mempcpy
                0x000000000000002a                mmap
                0x000000000000005a                uname
                0x000000000000007b                memset
                0x00000000000000bb                my_bkpt
                0x0000000000000000                Pprotect
                0x0000000000000048                stat
                0x0000000000000069                mkdir

.note.GNU-stack
                0x0000000000000000        0x0
 .note.GNU-stack
                0x0000000000000000        0x0 tmp/i386-linux.elf-upxfd_android.o

EXP_HEAD        0x0000000000000000      0x115
 EXP_HEAD       0x0000000000000000      0x115 tmp/i386-expand.o
                0x0000000000000071                f_expand
                0x00000000000000a1                __clear_cache

EXP_TAIL        0x0000000000000000        0xd
 EXP_TAIL       0x0000000000000000        0xd tmp/i386-expand.o

NRV2E           0x0000000000000000       0xd4
 NRV2E          0x0000000000000000       0xd4 tmp/i386-expand.o

NRV2D           0x0000000000000000       0xc8
 NRV2D          0x0000000000000000       0xc8 tmp/i386-expand.o

NRV2B           0x0000000000000000       0xb4
 NRV2B          0x0000000000000000       0xb4 tmp/i386-expand.o

LZMA_DAISY      0x0000000000000000        0xc
 LZMA_DAISY     0x0000000000000000        0xc tmp/i386-expand.o

LZMA_DEC00      0x0000000000000000       0x36
 LZMA_DEC00     0x0000000000000000       0x36 tmp/i386-expand.o

LZMA_ELF00      0x0000000000000000       0x48
 LZMA_ELF00     0x0000000000000000       0x48 tmp/i386-expand.o

LZMA_DEC10      0x0000000000000000      0xb3e
 LZMA_DEC10     0x0000000000000000      0xb3e tmp/i386-expand.o

LZMA_DEC20      0x0000000000000000      0xb3e
 LZMA_DEC20     0x0000000000000000      0xb3e tmp/i386-expand.o

LZMA_DEC30      0x0000000000000000       0x20
 LZMA_DEC30     0x0000000000000000       0x20 tmp/i386-expand.o
