
Memory Configuration

Name             Origin             Length             Attributes
*default*        0x0000000000000000 0xffffffffffffffff

Linker script and memory map

TARGET(elf32-i386)
                0x0000000000000074                . = SIZEOF_HEADERS

.text           0x0000000000000074      0x768
 *(.text)
 .text          0x0000000000000074       0xc4 tmp/i386-bsd.elf-fold.o
 .text          0x0000000000000138      0x632 tmp/i386-bsd.elf-main.o
                0x0000000000000623                upx_main
 *fill*         0x000000000000076a        0x2 00
 .text          0x000000000000076c       0x6d tmp/i386-bsd.syscall.o
                0x00000000000007d5                waitpid
                0x00000000000007a9                munmap
                0x00000000000007bd                execve
                0x00000000000007b5                getpid
                0x00000000000007c5                ftruncate
                0x000000000000076c                mmap
                0x00000000000007cd                nanosleep
                0x000000000000079d                write
                0x0000000000000799                read
                0x00000000000007d1                unlink
                0x00000000000007c1                fork
                0x00000000000007c9                gettimeofday
                0x00000000000007b1                access
                0x0000000000000791                exit
                0x0000000000000790                brk
                0x00000000000007a1                open
                0x00000000000007ad                mprotect
                0x00000000000007b9                fcntl
                0x00000000000007a5                close
 *(.data)
 *fill*         0x00000000000007d9        0x3 00
 .data          0x00000000000007dc        0x0 tmp/i386-bsd.elf-fold.o
 .data          0x00000000000007dc        0x0 tmp/i386-bsd.elf-main.o
 .data          0x00000000000007dc        0x0 tmp/i386-bsd.syscall.o

.data

.bss            0x00000000000007dc        0x0
 .bss           0x00000000000007dc        0x0 tmp/i386-bsd.elf-fold.o
 .bss           0x00000000000007dc        0x0 tmp/i386-bsd.elf-main.o
 .bss           0x00000000000007dc        0x0 tmp/i386-bsd.syscall.o

.rel.dyn        0x00000000000007dc        0x0
 .rel.text      0x0000000000000000        0x0 tmp/i386-bsd.elf-fold.o
LOAD tmp/i386-bsd.elf-fold.o
LOAD tmp/i386-bsd.elf-main.o
LOAD tmp/i386-bsd.syscall.o
OUTPUT(tmp/i386-bsd.elf-fold.bin elf32-i386)
