
Memory Configuration

Name             Origin             Length             Attributes
*default*        0x0000000000000000 0xffffffffffffffff

Linker script and memory map


.text           0x0000000000000000      0xd60
 .text          0x0000000000000000      0xd60 tmp/mips.r3000-linux.elf-fold.o
                0x00000000000000d0                get_page_mask
                0x00000000000000f0                get_upxfn_path
                0x0000000000000cf4                underlay
                0x0000000000000b64                upx_main
                0x0000000000000010                get4unal
                0x0000000000000128                close

SYSCALLS        0x0000000000000000      0x1b4
 SYSCALLS       0x0000000000000000      0x1b4 tmp/mips.r3000-linux.elf-fold.o
                0x0000000000000174                munmap
                0x0000000000000144                getpid
                0x0000000000000094                memcpy
                0x0000000000000194                readlink
                0x0000000000000034                Psync
                0x00000000000000bc                mempcpy
                0x000000000000013c                ftruncate
                0x000000000000014c                lseek
                0x00000000000000f0                mmap
                0x00000000000000e4                mmap_privanon
                0x000000000000019c                uname
                0x00000000000001ac                write
                0x0000000000000154                memfd_create
                0x000000000000018c                read
                0x00000000000001a4                unlink
                0x0000000000000074                memset
                0x000000000000016c                msync
                0x0000000000000068                my_bkpt
                0x0000000000000000                Pprotect
                0x000000000000017c                stat
                0x000000000000012c                exit
                0x0000000000000134                brk
                0x0000000000000184                open
                0x0000000000000164                mprotect
                0x000000000000015c                mkdir

HUMF_A          0x0000000000000000        0x8
 HUMF_A         0x0000000000000000        0x8 tmp/mips.r3000-linux.elf-fold.o

HUMF_L          0x0000000000000000        0x8
 HUMF_L         0x0000000000000000        0x8 tmp/mips.r3000-linux.elf-fold.o

UMF_LINUX       0x0000000000000000      0x108
 UMF_LINUX      0x0000000000000000      0x108 tmp/mips.r3000-linux.elf-fold.o
                0x0000000000000000                upx_mmap_and_fd_linux

EXP_HEAD        0x0000000000000000       0xfc
 EXP_HEAD       0x0000000000000000       0xfc tmp/mips.r3000-linux.elf-fold.o
                0x00000000000000b4                eof_n2e
                0x0000000000000000                f_expand
                0x00000000000000b4                eof_n2b
                0x00000000000000b4                eof_nrv
                0x00000000000000b4                eof_n2d
                0x00000000000000ac                ret_decompr

EXP_TAIL        0x0000000000000000        0x0
 EXP_TAIL       0x0000000000000000        0x0 tmp/mips.r3000-linux.elf-fold.o
                0x0000000000000000                upx_mmap_and_fd

NRV2E           0x0000000000000000      0x15c
 NRV2E          0x0000000000000000      0x15c tmp/mips.r3000-linux.elf-fold.o

NRV2D           0x0000000000000000      0x14c
 NRV2D          0x0000000000000000      0x14c tmp/mips.r3000-linux.elf-fold.o

NRV2B           0x0000000000000000      0x130
 NRV2B          0x0000000000000000      0x130 tmp/mips.r3000-linux.elf-fold.o

LZMA_DAISY      0x0000000000000000        0x8
 LZMA_DAISY     0x0000000000000000        0x8 tmp/mips.r3000-linux.elf-fold.o

LZMA_ELF00      0x0000000000000000       0xa8
 LZMA_ELF00     0x0000000000000000       0xa8 tmp/mips.r3000-linux.elf-fold.o

LZMA_DEC10      0x0000000000000000      0xad8
 LZMA_DEC10     0x0000000000000000      0xad8 tmp/mips.r3000-linux.elf-fold.o

LZMA_DEC20      0x0000000000000000      0xad8
 LZMA_DEC20     0x0000000000000000      0xad8 tmp/mips.r3000-linux.elf-fold.o

LZMA_DEC30      0x0000000000000000        0x8
 LZMA_DEC30     0x0000000000000000        0x8 tmp/mips.r3000-linux.elf-fold.o

.data           0x0000000000000000        0x0
 .data          0x0000000000000000        0x0 tmp/mips.r3000-linux.elf-fold.o

.bss            0x0000000000000000        0x0
 .bss           0x0000000000000000        0x0 tmp/mips.r3000-linux.elf-fold.o
TARGET(elf32-bigmips)
                0x0000000000000034                . = SIZEOF_HEADERS
LOAD tmp/mips.r3000-linux.elf-fold.o
OUTPUT(tmp/mips.r3000-linux.elf-fold.bin elf32-bigmips)

.reginfo        0x0000000000000000       0x18
 .reginfo       0x0000000000000000       0x18 tmp/mips.r3000-linux.elf-fold.o

.comment        0x0000000000000000       0x23
 .comment       0x0000000000000000       0x23 tmp/mips.r3000-linux.elf-fold.o
