
Memory Configuration

Name             Origin             Length             Attributes
*default*        0x0000000000000000 0xffffffffffffffff

Linker script and memory map

TARGET(elf32-littlemips)
                0x0000000000000034                . = SIZEOF_HEADERS

.text           0x0000000000000034      0xe40
 *(.text)
 .text          0x0000000000000034      0xe40 tmp/mipsel.r3000-linux.elf-fold.o
                0x0000000000000104                get_page_mask
                0x0000000000000d54                upx_mmap_and_fd_android
                0x0000000000000124                get_upxfn_path
                0x0000000000000ce8                underlay
                0x0000000000000b50                upx_main
                0x0000000000000044                get4unal
                0x000000000000015c                close
 *(.data)
 .data          0x0000000000000e74        0x0 tmp/mipsel.r3000-linux.elf-fold.o

SYSCALLS        0x0000000000000000      0x178
 SYSCALLS       0x0000000000000000      0x178 tmp/mipsel.r3000-linux.elf-fold.o
                0x0000000000000138                munmap
                0x0000000000000110                getpid
                0x0000000000000060                memcpy
                0x0000000000000158                readlink
                0x0000000000000088                mempcpy
                0x0000000000000108                ftruncate
                0x0000000000000118                lseek
                0x00000000000000bc                mmap
                0x00000000000000b0                mmap_privanon
                0x0000000000000160                uname
                0x0000000000000170                write
                0x0000000000000120                memfd_create
                0x0000000000000150                read
                0x0000000000000168                unlink
                0x0000000000000040                memset
                0x0000000000000034                my_bkpt
                0x0000000000000000                Pprotect
                0x0000000000000140                stat
                0x00000000000000f8                exit
                0x0000000000000100                brk
                0x0000000000000148                open
                0x0000000000000130                mprotect
                0x0000000000000128                mkdir

EXP_HEAD        0x0000000000000000       0xfc
 EXP_HEAD       0x0000000000000000       0xfc tmp/mipsel.r3000-linux.elf-fold.o
                0x00000000000000b4                eof_n2e
                0x0000000000000000                f_expand
                0x00000000000000b4                eof_n2b
                0x00000000000000fc                upx_mmap_and_fd
                0x00000000000000b4                eof_nrv
                0x00000000000000b4                eof_n2d
                0x00000000000000ac                ret_decompr

EXP_TAIL        0x0000000000000000        0x0
 EXP_TAIL       0x0000000000000000        0x0 tmp/mipsel.r3000-linux.elf-fold.o

NRV2E           0x0000000000000000      0x134
 NRV2E          0x0000000000000000      0x134 tmp/mipsel.r3000-linux.elf-fold.o

NRV2D           0x0000000000000000      0x124
 NRV2D          0x0000000000000000      0x124 tmp/mipsel.r3000-linux.elf-fold.o

NRV2B           0x0000000000000000      0x108
 NRV2B          0x0000000000000000      0x108 tmp/mipsel.r3000-linux.elf-fold.o

LZMA_DAISY      0x0000000000000000        0x8
 LZMA_DAISY     0x0000000000000000        0x8 tmp/mipsel.r3000-linux.elf-fold.o

LZMA_ELF00      0x0000000000000000       0xa8
 LZMA_ELF00     0x0000000000000000       0xa8 tmp/mipsel.r3000-linux.elf-fold.o

LZMA_DEC10      0x0000000000000000      0xad8
 LZMA_DEC10     0x0000000000000000      0xad8 tmp/mipsel.r3000-linux.elf-fold.o

LZMA_DEC20      0x0000000000000000      0xad8
 LZMA_DEC20     0x0000000000000000      0xad8 tmp/mipsel.r3000-linux.elf-fold.o

LZMA_DEC30      0x0000000000000000        0x8
 LZMA_DEC30     0x0000000000000000        0x8 tmp/mipsel.r3000-linux.elf-fold.o

.data

.bss            0x0000000000000000        0x0
 .bss           0x0000000000000000        0x0 tmp/mipsel.r3000-linux.elf-fold.o
LOAD tmp/mipsel.r3000-linux.elf-fold.o
OUTPUT(tmp/mipsel.r3000-linux.elf-fold.bin elf32-littlemips)

.reginfo        0x0000000000000000       0x18
 .reginfo       0x0000000000000000       0x18 tmp/mipsel.r3000-linux.elf-fold.o

.mdebug.eabi32  0x0000000000000000        0x0
 .mdebug.eabi32
                0x0000000000000000        0x0 tmp/mipsel.r3000-linux.elf-fold.o

.gcc_compiled_long32
                0x0000000000000000        0x0
 .gcc_compiled_long32
                0x0000000000000000        0x0 tmp/mipsel.r3000-linux.elf-fold.o

.comment        0x0000000000000000       0x34
 .comment       0x0000000000000000       0x34 tmp/mipsel.r3000-linux.elf-fold.o
