
Memory Configuration

Name             Origin             Length             Attributes
*default*        0x0000000000000000 0xffffffffffffffff

Linker script and memory map

TARGET(elf64-powerpc)
                0x00000000001000bc                . = ((0x100000 + SIZEOF_HEADERS) + 0xc)

.text           0x00000000001000bc      0xc84
 *(.text)
 .text          0x00000000001000bc      0x38c tmp/powerpc64-linux.elf-fold.o
                0x00000000001000cc                get_page_mask
                0x00000000001000e4                Pprotect
                0x00000000001000e4                mprotect
                0x00000000001003e8                mmap
                0x0000000000100400                exit
                0x0000000000100408                brk
                0x0000000000100410                readlink
                0x0000000000100418                write
                0x0000000000100420                read
                0x0000000000100428                open
                0x0000000000100430                close
                0x0000000000100438                munmap
                0x0000000000100440                my_bkpt
 .text          0x0000000000100448      0x8f8 tmp/powerpc64-linux.elf-main.o
 *(.data)
 .data          0x0000000000100d40        0x0 tmp/powerpc64-linux.elf-fold.o
 .data          0x0000000000100d40        0x0 tmp/powerpc64-linux.elf-main.o

.sfpr           0x0000000000100d40       0xa4
 .sfpr          0x0000000000100d40       0xa4 linker stubs
                0x0000000000100d40                _savegpr0_14
                0x0000000000100d68                _savegpr0_24
                0x0000000000100d78                _savegpr0_28
                0x0000000000100d90                _restgpr0_14
                0x0000000000100db8                _restgpr0_24
                0x0000000000100dc8                _restgpr0_28

.glink          0x0000000000100de8        0x0
 .glink         0x0000000000100de8        0x0 linker stubs

.eh_frame       0x0000000000100de4        0x0
 .eh_frame      0x0000000000100de4        0x0 linker stubs

.rela.dyn       0x0000000000100de8        0x0
 .rela.iplt     0x0000000000100de8        0x0 linker stubs

.data
LOAD tmp/powerpc64-linux.elf-fold.o
LOAD tmp/powerpc64-linux.elf-main.o
OUTPUT(tmp/powerpc64-linux.elf-fold.bin elf64-powerpc)

.branch_lt      0x0000000000100de8        0x0
 .branch_lt     0x0000000000100de8        0x0 linker stubs

.toc            0x0000000000100de8        0x0
 .toc           0x0000000000100de8        0x0 tmp/powerpc64-linux.elf-main.o

.opd            0x0000000000100de8       0x58
 .opd           0x0000000000100de8       0x58 tmp/powerpc64-linux.elf-main.o
                0x0000000000100e28                upx_main

.iplt           0x0000000000100e40        0x0
 .iplt          0x0000000000100e40        0x0 linker stubs

.bss            0x0000000000100e40        0x0
 .bss           0x0000000000100e40        0x0 tmp/powerpc64-linux.elf-fold.o
 .bss           0x0000000000100e40        0x0 tmp/powerpc64-linux.elf-main.o
