
Memory Configuration

Name             Origin             Length             Attributes
*default*        0x0000000000000000 0xffffffffffffffff

Linker script and memory map

TARGET(elf32-powerpc)
                0x0000000000100080                . = ((0x100000 + SIZEOF_HEADERS) + 0xc)

.text           0x0000000000100080     0x1164
 *(.text)
 .text          0x0000000000100080      0x318 tmp/powerpc-linux.elf-fold.o
                0x000000000010008c                get_page_mask
                0x0000000000100388                munmap
                0x0000000000100360                readlink
                0x000000000010033c                mmap
                0x0000000000100368                write
                0x0000000000100370                read
                0x0000000000100390                my_bkpt
                0x00000000001000a4                Pprotect
                0x0000000000100350                exit
                0x0000000000100358                brk
                0x0000000000100378                open
                0x00000000001000a4                mprotect
                0x0000000000100380                close
 .text          0x0000000000100398      0xe4c tmp/powerpc-linux.elf-main.o
                0x0000000000100fe4                upx_main
 *(.data)
 .data          0x00000000001011e4        0x0 tmp/powerpc-linux.elf-fold.o
 .data          0x00000000001011e4        0x0 tmp/powerpc-linux.elf-main.o

.data

.bss            0x00000000001011e4        0x0
 .bss           0x00000000001011e4        0x0 tmp/powerpc-linux.elf-fold.o
 .bss           0x00000000001011e4        0x0 tmp/powerpc-linux.elf-main.o

.rela.dyn       0x00000000001011e4        0x0
 .rela.text     0x0000000000000000        0x0 tmp/powerpc-linux.elf-fold.o
LOAD tmp/powerpc-linux.elf-fold.o
LOAD tmp/powerpc-linux.elf-main.o
OUTPUT(tmp/powerpc-linux.elf-fold.bin elf32-powerpc)
