
Memory Configuration

Name             Origin             Length             Attributes
*default*        0x0000000000000000 0xffffffffffffffff

Linker script and memory map

TARGET(elf32-powerpc)

.text           0x0000000000000000     0x2248
 *(.text)
 .text          0x0000000000000000      0x258 tmp/powerpc-linux.elf-fold.o
                0x000000000000000c                get_page_mask
                0x0000000000000024                Pprotect
                0x0000000000000024                mprotect
 .text          0x0000000000000258       0xb8 tmp/powerpc-linux.elf-upxfd_android.o
                0x0000000000000258                upx_mmap_and_fd
 .text          0x0000000000000310        0x0 tmp/powerpc-expand.o
 .text          0x0000000000000310     0x1f38 tmp/powerpc-linux.elf-main2.o
                0x0000000000000af0                underlay
                0x0000000000001804                upx_main
 *(.data)
 .data          0x0000000000002248        0x0 tmp/powerpc-linux.elf-fold.o
 .data          0x0000000000002248        0x0 tmp/powerpc-linux.elf-upxfd_android.o
 .data          0x0000000000002248        0x0 tmp/powerpc-expand.o
 .data          0x0000000000002248        0x0 tmp/powerpc-linux.elf-main2.o

.data

.bss            0x0000000000000000        0x0
 .bss           0x0000000000000000        0x0 tmp/powerpc-linux.elf-fold.o
 .bss           0x0000000000000000        0x0 tmp/powerpc-linux.elf-upxfd_android.o
 .bss           0x0000000000000000        0x0 tmp/powerpc-expand.o
 .bss           0x0000000000000000        0x0 tmp/powerpc-linux.elf-main2.o
LOAD tmp/powerpc-linux.elf-fold.o
LOAD tmp/powerpc-linux.elf-upxfd_android.o
LOAD tmp/powerpc-expand.o
LOAD tmp/powerpc-linux.elf-main2.o
OUTPUT(tmp/powerpc-linux.elf-fold.bin elf32-powerpc)

SYSCALLS        0x0000000000000000       0xac
 SYSCALLS       0x0000000000000000       0xac tmp/powerpc-linux.elf-fold.o
                0x000000000000005c                munmap
                0x0000000000000064                memcpy
                0x0000000000000034                readlink
                0x000000000000001c                ftruncate
                0x0000000000000000                mmap
                0x000000000000003c                write
                0x0000000000000014                memfd_create
                0x0000000000000044                read
                0x0000000000000088                memset
                0x00000000000000a4                my_bkpt
                0x0000000000000024                exit
                0x000000000000002c                brk
                0x000000000000004c                open
                0x0000000000000054                close

.note.GNU-stack
                0x0000000000000000        0x0
 .note.GNU-stack
                0x0000000000000000        0x0 tmp/powerpc-linux.elf-upxfd_android.o

EXP_HEAD        0x0000000000000000       0xa8
 EXP_HEAD       0x0000000000000000       0xa8 tmp/powerpc-expand.o
                0x0000000000000000                f_expand

EXP_TAIL        0x0000000000000000       0x84
 EXP_TAIL       0x0000000000000000       0x84 tmp/powerpc-expand.o
                0x0000000000000000                eof_nrv

NRV2E           0x0000000000000000      0x14c
 NRV2E          0x0000000000000000      0x14c tmp/powerpc-expand.o

NRV2D           0x0000000000000000      0x130
 NRV2D          0x0000000000000000      0x130 tmp/powerpc-expand.o

NRV2B           0x0000000000000000       0xf4
 NRV2B          0x0000000000000000       0xf4 tmp/powerpc-expand.o

LZMA_ELF00      0x0000000000000000       0x90
 LZMA_ELF00     0x0000000000000000       0x90 tmp/powerpc-expand.o

LZMA_DEC10      0x0000000000000000      0x99c
 LZMA_DEC10     0x0000000000000000      0x99c tmp/powerpc-expand.o

LZMA_DEC20      0x0000000000000000      0x99c
 LZMA_DEC20     0x0000000000000000      0x99c tmp/powerpc-expand.o

LZMA_DEC30      0x0000000000000000       0x24
 LZMA_DEC30     0x0000000000000000       0x24 tmp/powerpc-expand.o
