
Memory Configuration

Name             Origin             Length             Attributes
*default*        0x0000000000000000 0xffffffffffffffff

Linker script and memory map


.text           0x0000000000000000     0x12d4
 .text          0x0000000000000000      0x294 tmp/powerpc-linux.elf-fold.o
                0x0000000000000048                Pmap
                0x000000000000000c                get_page_mask
                0x0000000000000024                Pprotect
                0x000000000000006c                Punmap
 .text          0x0000000000000294        0x0 tmp/powerpc-expand.o
 .text          0x0000000000000294     0x1040 tmp/powerpc-linux.elf-main2.o
                0x000000000000078c                underlay
                0x00000000000010c0                upx_main

UMF_LINUX       0x0000000000000000      0x108
 UMF_LINUX      0x0000000000000000      0x108 tmp/powerpc-linux.elf-upxfd_linux.o
                0x0000000000000000                upx_mmap_and_fd_linux

.data           0x0000000000000000        0x0
 .data          0x0000000000000000        0x0 tmp/powerpc-linux.elf-fold.o
 .data          0x0000000000000000        0x0 tmp/powerpc-expand.o
 .data          0x0000000000000000        0x0 tmp/powerpc-linux.elf-main2.o

.bss            0x0000000000000000        0x0
 .bss           0x0000000000000000        0x0 tmp/powerpc-linux.elf-fold.o
 .bss           0x0000000000000000        0x0 tmp/powerpc-expand.o
 .bss           0x0000000000000000        0x0 tmp/powerpc-linux.elf-main2.o
TARGET(elf32-powerpc)
                0x0000000000000034                . = SIZEOF_HEADERS
LOAD tmp/powerpc-linux.elf-fold.o
LOAD tmp/powerpc-linux.elf-upxfd_linux.o
LOAD tmp/powerpc-expand.o
LOAD tmp/powerpc-linux.elf-main2.o
OUTPUT(tmp/powerpc-linux.elf-fold.bin elf32-powerpc)

SYSCALLS        0x0000000000000000       0xb4
 SYSCALLS       0x0000000000000000       0xb4 tmp/powerpc-linux.elf-fold.o
                0x0000000000000050                munmap
                0x000000000000006c                memcpy
                0x0000000000000010                readlink
                0x0000000000000020                ftruncate
                0x0000000000000058                mmap
                0x0000000000000030                write
                0x0000000000000018                memfd_create
                0x0000000000000038                read
                0x0000000000000090                memset
                0x00000000000000ac                my_bkpt
                0x0000000000000000                exit
                0x0000000000000008                brk
                0x0000000000000040                open
                0x0000000000000048                mprotect
                0x0000000000000028                close

EXP_HEAD        0x0000000000000000       0xa8
 EXP_HEAD       0x0000000000000000       0xa8 tmp/powerpc-expand.o
                0x0000000000000000                f_expand

EXP_TAIL        0x0000000000000000       0x8c
 EXP_TAIL       0x0000000000000000       0x8c tmp/powerpc-expand.o
                0x000000000000008c                upx_mmap_and_fd
                0x0000000000000008                eof_nrv

NRV2E           0x0000000000000000      0x154
 NRV2E          0x0000000000000000      0x154 tmp/powerpc-expand.o

NRV2D           0x0000000000000000      0x138
 NRV2D          0x0000000000000000      0x138 tmp/powerpc-expand.o

NRV2B           0x0000000000000000       0xfc
 NRV2B          0x0000000000000000       0xfc tmp/powerpc-expand.o

LZMA_DAISY      0x0000000000000000        0x8
 LZMA_DAISY     0x0000000000000000        0x8 tmp/powerpc-expand.o

LZMA_ELF00      0x0000000000000000       0x88
 LZMA_ELF00     0x0000000000000000       0x88 tmp/powerpc-expand.o

LZMA_DEC10      0x0000000000000000      0x99c
 LZMA_DEC10     0x0000000000000000      0x99c tmp/powerpc-expand.o

LZMA_DEC20      0x0000000000000000      0x99c
 LZMA_DEC20     0x0000000000000000      0x99c tmp/powerpc-expand.o

LZMA_DEC30      0x0000000000000000       0x28
 LZMA_DEC30     0x0000000000000000       0x28 tmp/powerpc-expand.o
